prisma/prism.config.ts(1,30): error TS2307: Cannot find module '@prisma/config' or its corresponding type declarations.
src/adapters/inbound/http/routes.ts(2,37): error TS2307: Cannot find module '../outbound/postgress/prismaRepos' or its corresponding type declarations.
src/adapters/inbound/http/routes.ts(26,32): error TS7006: Parameter 'r' implicitly has an 'any' type.
src/adapters/inbound/http/routes.ts(29,29): error TS7006: Parameter 'r' implicitly has an 'any' type.
src/adapters/inbound/http/routes.ts(44,29): error TS7006: Parameter 'r' implicitly has an 'any' type.
